[2025-12-04 19:24:39.373193] === File Generation Started ===
  include_asserts: True
  session_excel_path: C:\Users\JunsChoi\OneDrive - HARMAN\문서\TF자료\Assertion TF\Assertion Script\out\sessions\blur_scaler-20251203_141618\blur_scaler.xlsx
  exists: True


=== OUTER EXCEPTION ===
  [Errno 13] Permission denied: 'C:\\Users\\JunsChoi\\OneDrive - HARMAN\\문서\\TF자료\\Assertion TF\\Assertion Script\\out\\sessions\\blur_scaler-20251203_141618\\blur_scaler.xlsx'
  Traceback:
Traceback (most recent call last):
  File "C:\Users\JunsChoi\OneDrive - HARMAN\문서\TF자료\Assertion TF\Assertion Script\scripts\cli_tui.py", line 8327, in _generate_files
    wb = load_workbook(state.session_excel_path, data_only=True)
  File "C:\Users\JunsChoi\OneDrive - HARMAN\문서\TF자료\Assertion TF\Assertion Script\.venv\Lib\site-packages\openpyxl\reader\excel.py", line 346, in load_workbook
    reader = ExcelReader(filename, read_only, keep_vba,
                         data_only, keep_links, rich_text)
  File "C:\Users\JunsChoi\OneDrive - HARMAN\문서\TF자료\Assertion TF\Assertion Script\.venv\Lib\site-packages\openpyxl\reader\excel.py", line 123, in __init__
    self.archive = _validate_archive(fn)
                   ~~~~~~~~~~~~~~~~~^^^^
  File "C:\Users\JunsChoi\OneDrive - HARMAN\문서\TF자료\Assertion TF\Assertion Script\.venv\Lib\site-packages\openpyxl\reader\excel.py", line 95, in _validate_archive
    archive = ZipFile(filename, 'r')
  File "C:\Users\JunsChoi\AppData\Local\Programs\Python\Python313\Lib\zipfile\__init__.py", line 1367, in __init__
    self.fp = io.open(file, filemode)
              ~~~~~~~^^^^^^^^^^^^^^^^
PermissionError: [Errno 13] Permission denied: 'C:\\Users\\JunsChoi\\OneDrive - HARMAN\\문서\\TF자료\\Assertion TF\\Assertion Script\\out\\sessions\\blur_scaler-20251203_141618\\blur_scaler.xlsx'

